Flow report for altera_de10
Fri Apr 17 14:20:55 2026
Quartus Prime Version 24.1std.0 Build 1077 03/04/2025 SC Lite Edition


---------------------
; Table of Contents ;
---------------------
  1. Legal Notice
  2. Flow Summary
  3. Flow Settings
  4. Flow Non-Default Global Settings
  5. Flow Elapsed Time
  6. Flow OS Summary
  7. Flow Log
  8. Flow Messages
  9. Flow Suppressed Messages



----------------
; Legal Notice ;
----------------
Copyright (C) 2025  Altera Corporation. All rights reserved.
Your use of Altera Corporation's design tools, logic functions 
and other software and tools, and any partner logic 
functions, and any output files from any of the foregoing 
(including device programming or simulation files), and any 
associated documentation or information are expressly subject 
to the terms and conditions of the Altera Program License 
Subscription Agreement, the Altera Quartus Prime License Agreement,
the Altera IP License Agreement, or other applicable license
agreement, including, without limitation, that your use is for
the sole purpose of programming logic devices manufactured by
Altera and sold by Altera or its authorized distributors.  Please
refer to the Altera Software License Subscription Agreements 
on the Quartus Prime software download page.



+--------------------------------------------------------------------------------------+
; Flow Summary                                                                         ;
+------------------------------------+-------------------------------------------------+
; Flow Status                        ; Successful - Fri Apr 17 14:20:55 2026           ;
; Quartus Prime Version              ; 24.1std.0 Build 1077 03/04/2025 SC Lite Edition ;
; Revision Name                      ; altera_de10                                     ;
; Top-level Entity Name              ; riscv_soc_altera                                ;
; Family                             ; MAX 10                                          ;
; Device                             ; 10M50DAF484C7G                                  ;
; Timing Models                      ; Final                                           ;
; Total logic elements               ; 2,580 / 49,760 ( 5 % )                          ;
;     Total combinational functions  ; 2,561 / 49,760 ( 5 % )                          ;
;     Dedicated logic registers      ; 872 / 49,760 ( 2 % )                            ;
; Total registers                    ; 872                                             ;
; Total pins                         ; 25 / 360 ( 7 % )                                ;
; Total virtual pins                 ; 0                                               ;
; Total memory bits                  ; 772,096 / 1,677,312 ( 46 % )                    ;
; Embedded Multiplier 9-bit elements ; 0 / 288 ( 0 % )                                 ;
; Total PLLs                         ; 0 / 4 ( 0 % )                                   ;
; UFM blocks                         ; 0 / 1 ( 0 % )                                   ;
; ADC blocks                         ; 0 / 2 ( 0 % )                                   ;
+------------------------------------+-------------------------------------------------+


+-----------------------------------------+
; Flow Settings                           ;
+-------------------+---------------------+
; Option            ; Setting             ;
+-------------------+---------------------+
; Start date & time ; 04/17/2026 14:19:41 ;
; Main task         ; Compilation         ;
; Revision Name     ; altera_de10         ;
+-------------------+---------------------+


+-----------------------------------------------------------------------------------------------------------------------------------+
; Flow Non-Default Global Settings                                                                                                  ;
+--------------------------------------+----------------------------------------+---------------+------------------+----------------+
; Assignment Name                      ; Value                                  ; Default Value ; Entity Name      ; Section Id     ;
+--------------------------------------+----------------------------------------+---------------+------------------+----------------+
; COMPILER_SIGNATURE_ID                ; 194042950640791.177642838055713        ; --            ; --               ; --             ;
; EDA_DESIGN_INSTANCE_NAME             ; instance_registre                      ; --            ; --               ; test           ;
; EDA_NATIVELINK_SIMULATION_TEST_BENCH ; test                                   ; --            ; --               ; eda_simulation ;
; EDA_OUTPUT_DATA_FORMAT               ; Verilog Hdl                            ; --            ; --               ; eda_simulation ;
; EDA_SIMULATION_TOOL                  ; Questa Intel FPGA (Verilog)            ; <None>        ; --               ; --             ;
; EDA_TEST_BENCH_ENABLE_STATUS         ; NOT_USED                               ; --            ; --               ; eda_simulation ;
; EDA_TEST_BENCH_FILE                  ; sim_registreTP.vhd                     ; --            ; --               ; test           ;
; EDA_TEST_BENCH_MODULE_NAME           ; TestBenchReg                           ; --            ; --               ; test           ;
; EDA_TEST_BENCH_NAME                  ; test                                   ; --            ; --               ; eda_simulation ;
; EDA_TIME_SCALE                       ; 1 ps                                   ; --            ; --               ; eda_simulation ;
; FITTER_EFFORT                        ; Standard Fit                           ; Auto Fit      ; --               ; --             ;
; MAX_CORE_JUNCTION_TEMP               ; 85                                     ; --            ; --               ; --             ;
; MIN_CORE_JUNCTION_TEMP               ; 0                                      ; --            ; --               ; --             ;
; MUX_RESTRUCTURE                      ; Off                                    ; Auto          ; --               ; --             ;
; OPTIMIZATION_MODE                    ; Aggressive Performance                 ; Balanced      ; --               ; --             ;
; OUTPUT_IO_TIMING_FAR_END_VMEAS       ; Half Signal Swing                      ; --            ; --               ; --             ;
; OUTPUT_IO_TIMING_FAR_END_VMEAS       ; Half Signal Swing                      ; --            ; --               ; --             ;
; OUTPUT_IO_TIMING_NEAR_END_VMEAS      ; Half Vccio                             ; --            ; --               ; --             ;
; OUTPUT_IO_TIMING_NEAR_END_VMEAS      ; Half Vccio                             ; --            ; --               ; --             ;
; PARTITION_COLOR                      ; -- (Not supported for targeted family) ; --            ; riscv_soc_altera ; Top            ;
; PARTITION_FITTER_PRESERVATION_LEVEL  ; -- (Not supported for targeted family) ; --            ; riscv_soc_altera ; Top            ;
; PARTITION_NETLIST_TYPE               ; -- (Not supported for targeted family) ; --            ; riscv_soc_altera ; Top            ;
; PHYSICAL_SYNTHESIS_COMBO_LOGIC       ; On                                     ; Off           ; --               ; --             ;
; PHYSICAL_SYNTHESIS_REGISTER_RETIMING ; On                                     ; Off           ; --               ; --             ;
; PLACEMENT_EFFORT_MULTIPLIER          ; 4.0                                    ; 1.0           ; --               ; --             ;
; POWER_BOARD_THERMAL_MODEL            ; None (CONSERVATIVE)                    ; --            ; --               ; --             ;
; POWER_PRESET_COOLING_SOLUTION        ; 23 MM HEAT SINK WITH 200 LFPM AIRFLOW  ; --            ; --               ; --             ;
; ROUTER_TIMING_OPTIMIZATION_LEVEL     ; MAXIMUM                                ; Normal        ; --               ; --             ;
; TOP_LEVEL_ENTITY                     ; riscv_soc_altera                       ; altera_de10   ; --               ; --             ;
+--------------------------------------+----------------------------------------+---------------+------------------+----------------+


+--------------------------------------------------------------------------------------------------------------------------+
; Flow Elapsed Time                                                                                                        ;
+----------------------+--------------+-------------------------+---------------------+------------------------------------+
; Module Name          ; Elapsed Time ; Average Processors Used ; Peak Virtual Memory ; Total CPU Time (on all processors) ;
+----------------------+--------------+-------------------------+---------------------+------------------------------------+
; Analysis & Synthesis ; 00:00:23     ; 1.0                     ; 594 MB              ; 00:00:26                           ;
; Fitter               ; 00:00:33     ; 1.4                     ; 1260 MB             ; 00:01:04                           ;
; Assembler            ; 00:00:05     ; 1.0                     ; 388 MB              ; 00:00:02                           ;
; Timing Analyzer      ; 00:00:05     ; 2.2                     ; 603 MB              ; 00:00:06                           ;
; EDA Netlist Writer   ; 00:00:03     ; 1.0                     ; 623 MB              ; 00:00:01                           ;
; Total                ; 00:01:09     ; --                      ; --                  ; 00:01:39                           ;
+----------------------+--------------+-------------------------+---------------------+------------------------------------+


+---------------------------------------------------------------------------------+
; Flow OS Summary                                                                 ;
+----------------------+------------------+---------+------------+----------------+
; Module Name          ; Machine Hostname ; OS Name ; OS Version ; Processor type ;
+----------------------+------------------+---------+------------+----------------+
; Analysis & Synthesis ; archer-a-09      ; Ubuntu  ; 22         ; x86_64         ;
; Fitter               ; archer-a-09      ; Ubuntu  ; 22         ; x86_64         ;
; Assembler            ; archer-a-09      ; Ubuntu  ; 22         ; x86_64         ;
; Timing Analyzer      ; archer-a-09      ; Ubuntu  ; 22         ; x86_64         ;
; EDA Netlist Writer   ; archer-a-09      ; Ubuntu  ; 22         ; x86_64         ;
+----------------------+------------------+---------+------------+----------------+


------------
; Flow Log ;
------------
quartus_map --read_settings_files=on --write_settings_files=off altera_de10 -c altera_de10
quartus_fit --read_settings_files=off --write_settings_files=off altera_de10 -c altera_de10
quartus_asm --read_settings_files=off --write_settings_files=off altera_de10 -c altera_de10
quartus_sta altera_de10 -c altera_de10
quartus_eda --read_settings_files=off --write_settings_files=off altera_de10 -c altera_de10



